// Jest Snapshot v1, https://goo.gl/fbAQLP

exports[`Snapshot 1`] = `
{
  "Parameters": {
    "BootstrapVersion": {
      "Default": "/cdk-bootstrap/hnb659fds/version",
      "Description": "Version of the CDK Bootstrap resources in this environment, automatically retrieved from SSM Parameter Store. [cdk:skip]",
      "Type": "AWS::SSM::Parameter::Value<String>",
    },
  },
  "Resources": {
    "CheckCustomResourceLambdaD41817CA": {
      "DependsOn": [
        "CheckCustomResourceLambdaServiceRole43771B95",
      ],
      "Properties": {
        "Code": {
          "S3Bucket": "cdk-hnb659fds-assets-123456789012-eu-east-2",
          "S3Key": "61bd252941500ebacdb26ddfeeb7250cbbd2641f1f95f336a9e77c49d0faf49b.zip",
        },
        "Description": "Example of a custom resource lambda to check if a resource is complete",
        "Environment": {
          "Variables": {
            "AWS_NODEJS_CONNECTION_REUSE_ENABLED": "1",
          },
        },
        "Handler": "index.handler",
        "MemorySize": 128,
        "Role": {
          "Fn::GetAtt": [
            "CheckCustomResourceLambdaServiceRole43771B95",
            "Arn",
          ],
        },
        "Runtime": "nodejs18.x",
        "Timeout": 30,
      },
      "Type": "AWS::Lambda::Function",
    },
    "CheckCustomResourceLambdaServiceRole43771B95": {
      "Properties": {
        "AssumeRolePolicyDocument": {
          "Statement": [
            {
              "Action": "sts:AssumeRole",
              "Effect": "Allow",
              "Principal": {
                "Service": "lambda.amazonaws.com",
              },
            },
          ],
          "Version": "2012-10-17",
        },
        "ManagedPolicyArns": [
          {
            "Fn::Join": [
              "",
              [
                "arn:",
                {
                  "Ref": "AWS::Partition",
                },
                ":iam::aws:policy/service-role/AWSLambdaBasicExecutionRole",
              ],
            ],
          },
        ],
      },
      "Type": "AWS::IAM::Role",
    },
    "CustomResource": {
      "DeletionPolicy": "Delete",
      "Properties": {
        "MyCustomProperty": "MyCustomValue",
        "PhysicalResourceId": "test-CustomResourceResource-version",
        "ServiceToken": {
          "Fn::GetAtt": [
            "ResourceProviderframeworkonEventE93EA26F",
            "Arn",
          ],
        },
      },
      "Type": "AWS::CloudFormation::CustomResource",
      "UpdateReplacePolicy": "Delete",
    },
    "CustomResourceLambda42C1FE6E": {
      "DependsOn": [
        "CustomResourceLambdaServiceRole757E6AFA",
      ],
      "Properties": {
        "Code": {
          "S3Bucket": "cdk-hnb659fds-assets-123456789012-eu-east-2",
          "S3Key": "13f24d200df6dc3f8c6fb6d3df0739cc7221927b6021205eba92d007a85c013a.zip",
        },
        "Description": "Example of a custom resource lambda",
        "Environment": {
          "Variables": {
            "AWS_NODEJS_CONNECTION_REUSE_ENABLED": "1",
          },
        },
        "Handler": "index.handler",
        "MemorySize": 128,
        "Role": {
          "Fn::GetAtt": [
            "CustomResourceLambdaServiceRole757E6AFA",
            "Arn",
          ],
        },
        "Runtime": "nodejs18.x",
        "Timeout": 30,
      },
      "Type": "AWS::Lambda::Function",
    },
    "CustomResourceLambdaServiceRole757E6AFA": {
      "Properties": {
        "AssumeRolePolicyDocument": {
          "Statement": [
            {
              "Action": "sts:AssumeRole",
              "Effect": "Allow",
              "Principal": {
                "Service": "lambda.amazonaws.com",
              },
            },
          ],
          "Version": "2012-10-17",
        },
        "ManagedPolicyArns": [
          {
            "Fn::Join": [
              "",
              [
                "arn:",
                {
                  "Ref": "AWS::Partition",
                },
                ":iam::aws:policy/service-role/AWSLambdaBasicExecutionRole",
              ],
            ],
          },
        ],
      },
      "Type": "AWS::IAM::Role",
    },
    "ResourceProviderframeworkisCompleteDA8E5311": {
      "DependsOn": [
        "ResourceProviderframeworkisCompleteServiceRoleDefaultPolicy700977A2",
        "ResourceProviderframeworkisCompleteServiceRoleE608C7D9",
      ],
      "Properties": {
        "Code": {
          "S3Bucket": "cdk-hnb659fds-assets-123456789012-eu-east-2",
          "S3Key": "3542be390685e0c8353d92ccb5796d343cd93ca946b6b0de798004206a199adc.zip",
        },
        "Description": "AWS CDK resource provider framework - isComplete (test/ResourceProvider)",
        "Environment": {
          "Variables": {
            "USER_IS_COMPLETE_FUNCTION_ARN": {
              "Fn::GetAtt": [
                "CheckCustomResourceLambdaD41817CA",
                "Arn",
              ],
            },
            "USER_ON_EVENT_FUNCTION_ARN": {
              "Fn::GetAtt": [
                "CustomResourceLambda42C1FE6E",
                "Arn",
              ],
            },
          },
        },
        "Handler": "framework.isComplete",
        "Role": {
          "Fn::GetAtt": [
            "ResourceProviderframeworkisCompleteServiceRoleE608C7D9",
            "Arn",
          ],
        },
        "Runtime": "nodejs18.x",
        "Timeout": 900,
      },
      "Type": "AWS::Lambda::Function",
    },
    "ResourceProviderframeworkisCompleteServiceRoleDefaultPolicy700977A2": {
      "Properties": {
        "PolicyDocument": {
          "Statement": [
            {
              "Action": "lambda:InvokeFunction",
              "Effect": "Allow",
              "Resource": [
                {
                  "Fn::GetAtt": [
                    "CustomResourceLambda42C1FE6E",
                    "Arn",
                  ],
                },
                {
                  "Fn::Join": [
                    "",
                    [
                      {
                        "Fn::GetAtt": [
                          "CustomResourceLambda42C1FE6E",
                          "Arn",
                        ],
                      },
                      ":*",
                    ],
                  ],
                },
              ],
            },
            {
              "Action": "lambda:InvokeFunction",
              "Effect": "Allow",
              "Resource": [
                {
                  "Fn::GetAtt": [
                    "CheckCustomResourceLambdaD41817CA",
                    "Arn",
                  ],
                },
                {
                  "Fn::Join": [
                    "",
                    [
                      {
                        "Fn::GetAtt": [
                          "CheckCustomResourceLambdaD41817CA",
                          "Arn",
                        ],
                      },
                      ":*",
                    ],
                  ],
                },
              ],
            },
          ],
          "Version": "2012-10-17",
        },
        "PolicyName": "ResourceProviderframeworkisCompleteServiceRoleDefaultPolicy700977A2",
        "Roles": [
          {
            "Ref": "ResourceProviderframeworkisCompleteServiceRoleE608C7D9",
          },
        ],
      },
      "Type": "AWS::IAM::Policy",
    },
    "ResourceProviderframeworkisCompleteServiceRoleE608C7D9": {
      "Properties": {
        "AssumeRolePolicyDocument": {
          "Statement": [
            {
              "Action": "sts:AssumeRole",
              "Effect": "Allow",
              "Principal": {
                "Service": "lambda.amazonaws.com",
              },
            },
          ],
          "Version": "2012-10-17",
        },
        "ManagedPolicyArns": [
          {
            "Fn::Join": [
              "",
              [
                "arn:",
                {
                  "Ref": "AWS::Partition",
                },
                ":iam::aws:policy/service-role/AWSLambdaBasicExecutionRole",
              ],
            ],
          },
        ],
      },
      "Type": "AWS::IAM::Role",
    },
    "ResourceProviderframeworkonEventE93EA26F": {
      "DependsOn": [
        "ResourceProviderframeworkonEventServiceRoleDefaultPolicyD6E38BA1",
        "ResourceProviderframeworkonEventServiceRole0C5450E7",
      ],
      "Properties": {
        "Code": {
          "S3Bucket": "cdk-hnb659fds-assets-123456789012-eu-east-2",
          "S3Key": "3542be390685e0c8353d92ccb5796d343cd93ca946b6b0de798004206a199adc.zip",
        },
        "Description": "AWS CDK resource provider framework - onEvent (test/ResourceProvider)",
        "Environment": {
          "Variables": {
            "USER_IS_COMPLETE_FUNCTION_ARN": {
              "Fn::GetAtt": [
                "CheckCustomResourceLambdaD41817CA",
                "Arn",
              ],
            },
            "USER_ON_EVENT_FUNCTION_ARN": {
              "Fn::GetAtt": [
                "CustomResourceLambda42C1FE6E",
                "Arn",
              ],
            },
            "WAITER_STATE_MACHINE_ARN": {
              "Ref": "ResourceProviderwaiterstatemachine638BC223",
            },
          },
        },
        "Handler": "framework.onEvent",
        "Role": {
          "Fn::GetAtt": [
            "ResourceProviderframeworkonEventServiceRole0C5450E7",
            "Arn",
          ],
        },
        "Runtime": "nodejs18.x",
        "Timeout": 900,
      },
      "Type": "AWS::Lambda::Function",
    },
    "ResourceProviderframeworkonEventServiceRole0C5450E7": {
      "Properties": {
        "AssumeRolePolicyDocument": {
          "Statement": [
            {
              "Action": "sts:AssumeRole",
              "Effect": "Allow",
              "Principal": {
                "Service": "lambda.amazonaws.com",
              },
            },
          ],
          "Version": "2012-10-17",
        },
        "ManagedPolicyArns": [
          {
            "Fn::Join": [
              "",
              [
                "arn:",
                {
                  "Ref": "AWS::Partition",
                },
                ":iam::aws:policy/service-role/AWSLambdaBasicExecutionRole",
              ],
            ],
          },
        ],
      },
      "Type": "AWS::IAM::Role",
    },
    "ResourceProviderframeworkonEventServiceRoleDefaultPolicyD6E38BA1": {
      "Properties": {
        "PolicyDocument": {
          "Statement": [
            {
              "Action": "lambda:InvokeFunction",
              "Effect": "Allow",
              "Resource": [
                {
                  "Fn::GetAtt": [
                    "CustomResourceLambda42C1FE6E",
                    "Arn",
                  ],
                },
                {
                  "Fn::Join": [
                    "",
                    [
                      {
                        "Fn::GetAtt": [
                          "CustomResourceLambda42C1FE6E",
                          "Arn",
                        ],
                      },
                      ":*",
                    ],
                  ],
                },
              ],
            },
            {
              "Action": "lambda:InvokeFunction",
              "Effect": "Allow",
              "Resource": [
                {
                  "Fn::GetAtt": [
                    "CheckCustomResourceLambdaD41817CA",
                    "Arn",
                  ],
                },
                {
                  "Fn::Join": [
                    "",
                    [
                      {
                        "Fn::GetAtt": [
                          "CheckCustomResourceLambdaD41817CA",
                          "Arn",
                        ],
                      },
                      ":*",
                    ],
                  ],
                },
              ],
            },
            {
              "Action": "states:StartExecution",
              "Effect": "Allow",
              "Resource": {
                "Ref": "ResourceProviderwaiterstatemachine638BC223",
              },
            },
          ],
          "Version": "2012-10-17",
        },
        "PolicyName": "ResourceProviderframeworkonEventServiceRoleDefaultPolicyD6E38BA1",
        "Roles": [
          {
            "Ref": "ResourceProviderframeworkonEventServiceRole0C5450E7",
          },
        ],
      },
      "Type": "AWS::IAM::Policy",
    },
    "ResourceProviderframeworkonTimeout55337B38": {
      "DependsOn": [
        "ResourceProviderframeworkonTimeoutServiceRoleDefaultPolicy71AA5B19",
        "ResourceProviderframeworkonTimeoutServiceRole9A9B543B",
      ],
      "Properties": {
        "Code": {
          "S3Bucket": "cdk-hnb659fds-assets-123456789012-eu-east-2",
          "S3Key": "3542be390685e0c8353d92ccb5796d343cd93ca946b6b0de798004206a199adc.zip",
        },
        "Description": "AWS CDK resource provider framework - onTimeout (test/ResourceProvider)",
        "Environment": {
          "Variables": {
            "USER_IS_COMPLETE_FUNCTION_ARN": {
              "Fn::GetAtt": [
                "CheckCustomResourceLambdaD41817CA",
                "Arn",
              ],
            },
            "USER_ON_EVENT_FUNCTION_ARN": {
              "Fn::GetAtt": [
                "CustomResourceLambda42C1FE6E",
                "Arn",
              ],
            },
          },
        },
        "Handler": "framework.onTimeout",
        "Role": {
          "Fn::GetAtt": [
            "ResourceProviderframeworkonTimeoutServiceRole9A9B543B",
            "Arn",
          ],
        },
        "Runtime": "nodejs18.x",
        "Timeout": 900,
      },
      "Type": "AWS::Lambda::Function",
    },
    "ResourceProviderframeworkonTimeoutServiceRole9A9B543B": {
      "Properties": {
        "AssumeRolePolicyDocument": {
          "Statement": [
            {
              "Action": "sts:AssumeRole",
              "Effect": "Allow",
              "Principal": {
                "Service": "lambda.amazonaws.com",
              },
            },
          ],
          "Version": "2012-10-17",
        },
        "ManagedPolicyArns": [
          {
            "Fn::Join": [
              "",
              [
                "arn:",
                {
                  "Ref": "AWS::Partition",
                },
                ":iam::aws:policy/service-role/AWSLambdaBasicExecutionRole",
              ],
            ],
          },
        ],
      },
      "Type": "AWS::IAM::Role",
    },
    "ResourceProviderframeworkonTimeoutServiceRoleDefaultPolicy71AA5B19": {
      "Properties": {
        "PolicyDocument": {
          "Statement": [
            {
              "Action": "lambda:InvokeFunction",
              "Effect": "Allow",
              "Resource": [
                {
                  "Fn::GetAtt": [
                    "CustomResourceLambda42C1FE6E",
                    "Arn",
                  ],
                },
                {
                  "Fn::Join": [
                    "",
                    [
                      {
                        "Fn::GetAtt": [
                          "CustomResourceLambda42C1FE6E",
                          "Arn",
                        ],
                      },
                      ":*",
                    ],
                  ],
                },
              ],
            },
            {
              "Action": "lambda:InvokeFunction",
              "Effect": "Allow",
              "Resource": [
                {
                  "Fn::GetAtt": [
                    "CheckCustomResourceLambdaD41817CA",
                    "Arn",
                  ],
                },
                {
                  "Fn::Join": [
                    "",
                    [
                      {
                        "Fn::GetAtt": [
                          "CheckCustomResourceLambdaD41817CA",
                          "Arn",
                        ],
                      },
                      ":*",
                    ],
                  ],
                },
              ],
            },
          ],
          "Version": "2012-10-17",
        },
        "PolicyName": "ResourceProviderframeworkonTimeoutServiceRoleDefaultPolicy71AA5B19",
        "Roles": [
          {
            "Ref": "ResourceProviderframeworkonTimeoutServiceRole9A9B543B",
          },
        ],
      },
      "Type": "AWS::IAM::Policy",
    },
    "ResourceProviderwaiterstatemachine638BC223": {
      "DependsOn": [
        "ResourceProviderwaiterstatemachineRoleDefaultPolicy9118C23F",
        "ResourceProviderwaiterstatemachineRoleA8B9CD09",
      ],
      "Properties": {
        "DefinitionString": {
          "Fn::Join": [
            "",
            [
              "{"StartAt":"framework-isComplete-task","States":{"framework-isComplete-task":{"End":true,"Retry":[{"ErrorEquals":["States.ALL"],"IntervalSeconds":60,"MaxAttempts":30,"BackoffRate":1}],"Catch":[{"ErrorEquals":["States.ALL"],"Next":"framework-onTimeout-task"}],"Type":"Task","Resource":"",
              {
                "Fn::GetAtt": [
                  "ResourceProviderframeworkisCompleteDA8E5311",
                  "Arn",
                ],
              },
              ""},"framework-onTimeout-task":{"End":true,"Type":"Task","Resource":"",
              {
                "Fn::GetAtt": [
                  "ResourceProviderframeworkonTimeout55337B38",
                  "Arn",
                ],
              },
              ""}}}",
            ],
          ],
        },
        "LoggingConfiguration": {
          "Destinations": [
            {
              "CloudWatchLogsLogGroup": {
                "LogGroupArn": {
                  "Fn::GetAtt": [
                    "ResourceProviderwaiterstatemachineLogGroup41E6D550",
                    "Arn",
                  ],
                },
              },
            },
          ],
          "IncludeExecutionData": false,
          "Level": "ERROR",
        },
        "RoleArn": {
          "Fn::GetAtt": [
            "ResourceProviderwaiterstatemachineRoleA8B9CD09",
            "Arn",
          ],
        },
      },
      "Type": "AWS::StepFunctions::StateMachine",
    },
    "ResourceProviderwaiterstatemachineLogGroup41E6D550": {
      "DeletionPolicy": "Retain",
      "Properties": {
        "LogGroupName": {
          "Fn::Join": [
            "",
            [
              "/aws/vendedlogs/states/waiter-state-machine-",
              {
                "Ref": "ResourceProviderframeworkisCompleteDA8E5311",
              },
              "-c868201b5a77a5aac96df0e1d14bd6cc5c86acff53",
            ],
          ],
        },
        "RetentionInDays": 731,
      },
      "Type": "AWS::Logs::LogGroup",
      "UpdateReplacePolicy": "Retain",
    },
    "ResourceProviderwaiterstatemachineRoleA8B9CD09": {
      "Properties": {
        "AssumeRolePolicyDocument": {
          "Statement": [
            {
              "Action": "sts:AssumeRole",
              "Effect": "Allow",
              "Principal": {
                "Service": "states.eu-east-2.amazonaws.com",
              },
            },
          ],
          "Version": "2012-10-17",
        },
      },
      "Type": "AWS::IAM::Role",
    },
    "ResourceProviderwaiterstatemachineRoleDefaultPolicy9118C23F": {
      "Properties": {
        "PolicyDocument": {
          "Statement": [
            {
              "Action": "lambda:InvokeFunction",
              "Effect": "Allow",
              "Resource": [
                {
                  "Fn::GetAtt": [
                    "ResourceProviderframeworkisCompleteDA8E5311",
                    "Arn",
                  ],
                },
                {
                  "Fn::Join": [
                    "",
                    [
                      {
                        "Fn::GetAtt": [
                          "ResourceProviderframeworkisCompleteDA8E5311",
                          "Arn",
                        ],
                      },
                      ":*",
                    ],
                  ],
                },
              ],
            },
            {
              "Action": "lambda:InvokeFunction",
              "Effect": "Allow",
              "Resource": [
                {
                  "Fn::GetAtt": [
                    "ResourceProviderframeworkonTimeout55337B38",
                    "Arn",
                  ],
                },
                {
                  "Fn::Join": [
                    "",
                    [
                      {
                        "Fn::GetAtt": [
                          "ResourceProviderframeworkonTimeout55337B38",
                          "Arn",
                        ],
                      },
                      ":*",
                    ],
                  ],
                },
              ],
            },
            {
              "Action": [
                "logs:CreateLogDelivery",
                "logs:CreateLogStream",
                "logs:GetLogDelivery",
                "logs:UpdateLogDelivery",
                "logs:DeleteLogDelivery",
                "logs:ListLogDeliveries",
                "logs:PutLogEvents",
                "logs:PutResourcePolicy",
                "logs:DescribeResourcePolicies",
                "logs:DescribeLogGroups",
              ],
              "Effect": "Allow",
              "Resource": "*",
            },
          ],
          "Version": "2012-10-17",
        },
        "PolicyName": "ResourceProviderwaiterstatemachineRoleDefaultPolicy9118C23F",
        "Roles": [
          {
            "Ref": "ResourceProviderwaiterstatemachineRoleA8B9CD09",
          },
        ],
      },
      "Type": "AWS::IAM::Policy",
    },
  },
  "Rules": {
    "CheckBootstrapVersion": {
      "Assertions": [
        {
          "Assert": {
            "Fn::Not": [
              {
                "Fn::Contains": [
                  [
                    "1",
                    "2",
                    "3",
                    "4",
                    "5",
                  ],
                  {
                    "Ref": "BootstrapVersion",
                  },
                ],
              },
            ],
          },
          "AssertDescription": "CDK bootstrap stack version 6 required. Please run 'cdk bootstrap' with a recent version of the CDK CLI.",
        },
      ],
    },
  },
}
`;
